2026-07-21 00:10:56.995: [INFO] OnDoneLoading sync enabled: 0
2026-07-21 00:11:08.820: [INFO] OnDoneLoading sync enabled: 0
2026-07-21 13:32:47.317: [INFO] OnDoneLoading sync enabled: 0
2026-07-21 14:18:31.827: [INFO] OnDoneLoading sync enabled: 0
2026-07-21 14:20:32.839: [INFO] OnDoneLoading sync enabled: 0
2026-07-21 14:25:35.956: [INFO] OnDoneLoading sync enabled: 0
2026-07-21 14:35:39.966: [INFO] OnDoneLoading sync enabled: 0
2026-07-21 14:35:52.672: [INFO] OnDoneLoading sync enabled: 0
2026-07-21 14:50:49.368: [INFO] OnDoneLoading sync enabled: 0
2026-07-21 14:52:08.289: [INFO] OnDoneLoading sync enabled: 0
2026-07-21 15:20:50.022: [INFO] OnDoneLoading sync enabled: 0
2026-07-21 15:22:02.364: [INFO] OnDoneLoading sync enabled: 0
2026-07-21 15:23:56.331: [INFO] OnDoneLoading sync enabled: 0
2026-07-21 15:40:31.457: [INFO] OnDoneLoading sync enabled: 0
2026-07-21 19:26:42.489: [INFO] OnDoneLoading sync enabled: 0
2026-07-21 19:45:57.614: [INFO] OnDoneLoading sync enabled: 0
2026-07-25 00:39:42.825: [INFO] OnDoneLoading sync enabled: 0
2026-08-01 00:20:56.221: [INFO] OnDoneLoading sync enabled: 0
2026-08-03 18:10:06.991: [INFO] OnDoneLoading sync enabled: 0
2026-08-08 01:29:51.407: [INFO] CurrentProfilePath: C:\Users\SHADAY\Documents\Introduccion Algoritmia\Clase02\.metadata\.plugins\org.eclipse.swt\EBWebView\Default
2026-08-08 01:29:51.407: [INFO] Profiles total count: 1
2026-08-08 01:29:51.407: [INFO] Profile: name=Perfil 1 path=C:\Users\SHADAY\Documents\Introduccion Algoritmia\Clase02\.metadata\.plugins\org.eclipse.swt\EBWebView\Default lastActive=2026-08-01T00:21:07.271Z
2026-08-08 01:29:51.407: [INFO] LastUsedProfileDir: C:\Users\SHADAY\Documents\Introduccion Algoritmia\Clase02\.metadata\.plugins\org.eclipse.swt\EBWebView\Default
2026-08-08 01:29:51.408: [INFO] MostRecentlyActiveProfile: name=Perfil 1 path=C:\Users\SHADAY\Documents\Introduccion Algoritmia\Clase02\.metadata\.plugins\org.eclipse.swt\EBWebView\Default lastActive=2026-08-01T00:21:07.271Z
2026-08-08 01:29:51.408: [INFO] OnDoneLoading sync enabled: 0
2026-08-08 01:29:51.408: [INFO] BookmarkModelLoaded, ids_reassigned: 0
2026-08-08 01:29:51.408: [INFO] BookmarksLoadDropped droppedNodes=0
2026-08-08 01:29:51.408: [INFO] BookmarksSnapshot Startup total=0 bar=0 other=0 mobile=0 showBar=0 showBarNTP=1
2026-08-08 01:32:39.761: [INFO] BookmarksSnapshot Shutdown total=0 bar=0 other=0 mobile=0 showBar=0 showBarNTP=1
2026-08-11 03:01:22.612: [INFO] CurrentProfilePath: C:\Users\SHADAY\Documents\Introduccion Algoritmia\Clase02\.metadata\.plugins\org.eclipse.swt\EBWebView\Default
2026-08-11 03:01:22.612: [INFO] Profiles total count: 1
2026-08-11 03:01:22.613: [INFO] Profile: name=Perfil 1 path=C:\Users\SHADAY\Documents\Introduccion Algoritmia\Clase02\.metadata\.plugins\org.eclipse.swt\EBWebView\Default lastActive=2026-08-01T00:21:07.271Z
2026-08-11 03:01:22.613: [INFO] LastUsedProfileDir: C:\Users\SHADAY\Documents\Introduccion Algoritmia\Clase02\.metadata\.plugins\org.eclipse.swt\EBWebView\Default
2026-08-11 03:01:22.613: [INFO] MostRecentlyActiveProfile: name=Perfil 1 path=C:\Users\SHADAY\Documents\Introduccion Algoritmia\Clase02\.metadata\.plugins\org.eclipse.swt\EBWebView\Default lastActive=2026-08-01T00:21:07.271Z
2026-08-11 03:01:22.613: [INFO] OnDoneLoading sync enabled: 0
2026-08-11 03:01:22.613: [INFO] BookmarkModelLoaded, ids_reassigned: 0
2026-08-11 03:01:22.613: [INFO] BookmarksLoadDropped droppedNodes=0
2026-08-11 03:01:22.613: [INFO] BookmarksSnapshot Startup total=0 bar=0 other=0 mobile=0 showBar=0 showBarNTP=1
2026-08-11 03:06:15.440: [INFO] BookmarksSnapshot Shutdown total=0 bar=0 other=0 mobile=0 showBar=0 showBarNTP=1
