2026-08-08 00:34:46.766: [INFO] CurrentProfilePath: C:\Users\SHADAY\Documents\Introduccion Algoritmia\Clase 03\.metadata\.plugins\org.eclipse.swt\EBWebView\Default
2026-08-08 00:34:46.766: [INFO] Profiles total count: 1
2026-08-08 00:34:46.766: [INFO] Profile: name=Perfil 1 path=C:\Users\SHADAY\Documents\Introduccion Algoritmia\Clase 03\.metadata\.plugins\org.eclipse.swt\EBWebView\Default lastActive=null
2026-08-08 00:34:46.766: [INFO] LastUsedProfileDir: C:\Users\SHADAY\Documents\Introduccion Algoritmia\Clase 03\.metadata\.plugins\org.eclipse.swt\EBWebView\Default
2026-08-08 00:34:46.766: [INFO] OnDoneLoading sync enabled: 0
2026-08-08 00:34:46.766: [INFO] BookmarkModelLoaded, ids_reassigned: 0
2026-08-08 00:34:46.766: [INFO] BookmarksLoadDropped droppedNodes=0
2026-08-08 00:34:46.766: [INFO] BookmarksSnapshot Startup total=0 bar=0 other=0 mobile=0 showBar=0 showBarNTP=1
2026-08-08 00:34:59.466: [INFO] BookmarksSnapshot Shutdown total=0 bar=0 other=0 mobile=0 showBar=0 showBarNTP=1
2026-08-08 00:35:00.297: [INFO] CurrentProfilePath: C:\Users\SHADAY\Documents\Introduccion Algoritmia\Clase 03\.metadata\.plugins\org.eclipse.swt\EBWebView\Default
2026-08-08 00:35:00.297: [INFO] Profiles total count: 1
2026-08-08 00:35:00.298: [INFO] Profile: name=Perfil 1 path=C:\Users\SHADAY\Documents\Introduccion Algoritmia\Clase 03\.metadata\.plugins\org.eclipse.swt\EBWebView\Default lastActive=2026-08-08T00:34:48.329Z
2026-08-08 00:35:00.298: [INFO] LastUsedProfileDir: C:\Users\SHADAY\Documents\Introduccion Algoritmia\Clase 03\.metadata\.plugins\org.eclipse.swt\EBWebView\Default
2026-08-08 00:35:00.299: [INFO] MostRecentlyActiveProfile: name=Perfil 1 path=C:\Users\SHADAY\Documents\Introduccion Algoritmia\Clase 03\.metadata\.plugins\org.eclipse.swt\EBWebView\Default lastActive=2026-08-08T00:34:48.329Z
2026-08-08 00:35:00.299: [INFO] OnDoneLoading sync enabled: 0
2026-08-08 00:35:00.299: [INFO] BookmarkModelLoaded, ids_reassigned: 0
2026-08-08 00:35:00.299: [INFO] BookmarksLoadDropped droppedNodes=0
2026-08-08 00:35:00.299: [INFO] BookmarksSnapshot Startup total=0 bar=0 other=0 mobile=0 showBar=0 showBarNTP=1
2026-08-08 00:35:49.249: [INFO] BookmarksSnapshot Shutdown total=0 bar=0 other=0 mobile=0 showBar=0 showBarNTP=1
2026-08-08 01:13:08.524: [INFO] CurrentProfilePath: C:\Users\SHADAY\Documents\Introduccion Algoritmia\Clase 03\.metadata\.plugins\org.eclipse.swt\EBWebView\Default
2026-08-08 01:13:08.524: [INFO] Profiles total count: 1
2026-08-08 01:13:08.525: [INFO] Profile: name=Perfil 1 path=C:\Users\SHADAY\Documents\Introduccion Algoritmia\Clase 03\.metadata\.plugins\org.eclipse.swt\EBWebView\Default lastActive=2026-08-08T00:35:47.406Z
2026-08-08 01:13:08.525: [INFO] LastUsedProfileDir: C:\Users\SHADAY\Documents\Introduccion Algoritmia\Clase 03\.metadata\.plugins\org.eclipse.swt\EBWebView\Default
2026-08-08 01:13:08.525: [INFO] MostRecentlyActiveProfile: name=Perfil 1 path=C:\Users\SHADAY\Documents\Introduccion Algoritmia\Clase 03\.metadata\.plugins\org.eclipse.swt\EBWebView\Default lastActive=2026-08-08T00:35:47.406Z
2026-08-08 01:13:08.525: [INFO] OnDoneLoading sync enabled: 0
2026-08-08 01:13:08.525: [INFO] BookmarkModelLoaded, ids_reassigned: 0
2026-08-08 01:13:08.525: [INFO] BookmarksLoadDropped droppedNodes=0
2026-08-08 01:13:08.525: [INFO] BookmarksSnapshot Startup total=0 bar=0 other=0 mobile=0 showBar=0 showBarNTP=1
2026-08-08 01:20:21.932: [INFO] BookmarksSnapshot Shutdown total=0 bar=0 other=0 mobile=0 showBar=0 showBarNTP=1
2026-08-08 01:28:20.300: [INFO] CurrentProfilePath: C:\Users\SHADAY\Documents\Introduccion Algoritmia\Clase 03\.metadata\.plugins\org.eclipse.swt\EBWebView\Default
2026-08-08 01:28:20.300: [INFO] Profiles total count: 1
2026-08-08 01:28:20.300: [INFO] Profile: name=Perfil 1 path=C:\Users\SHADAY\Documents\Introduccion Algoritmia\Clase 03\.metadata\.plugins\org.eclipse.swt\EBWebView\Default lastActive=2026-08-08T01:20:20.881Z
2026-08-08 01:28:20.300: [INFO] LastUsedProfileDir: C:\Users\SHADAY\Documents\Introduccion Algoritmia\Clase 03\.metadata\.plugins\org.eclipse.swt\EBWebView\Default
2026-08-08 01:28:20.300: [INFO] MostRecentlyActiveProfile: name=Perfil 1 path=C:\Users\SHADAY\Documents\Introduccion Algoritmia\Clase 03\.metadata\.plugins\org.eclipse.swt\EBWebView\Default lastActive=2026-08-08T01:20:20.881Z
2026-08-08 01:28:20.300: [INFO] OnDoneLoading sync enabled: 0
2026-08-08 01:28:20.300: [INFO] BookmarkModelLoaded, ids_reassigned: 0
2026-08-08 01:28:20.300: [INFO] BookmarksLoadDropped droppedNodes=0
2026-08-08 01:28:20.300: [INFO] BookmarksSnapshot Startup total=0 bar=0 other=0 mobile=0 showBar=0 showBarNTP=1
2026-08-08 01:29:10.149: [INFO] BookmarksSnapshot Shutdown total=0 bar=0 other=0 mobile=0 showBar=0 showBarNTP=1
